   8.932075578s TRACE propagate{level=5}:diffn: huub::constraints::int_diffn: new propagation
   8.932116877s TRACE propagate{level=5}:diffn: huub::constraints::int_diffn: DOING OBJECT 0
   8.932151894s TRACE propagate{level=5}:diffn: huub::constraints::int_diffn: object 0: x - ub: 12 lb: 0 y - ub: 15, lb: 0, size 1
   8.932186386s TRACE propagate{level=5}:diffn: huub::constraints::int_diffn: object 1: x - ub: 11 lb: 0 y - ub: 14, lb: 0, size 2
   8.932225489s TRACE propagate{level=5}:diffn: huub::constraints::int_diffn: object 2: x - ub: 10 lb: 0 y - ub: 13, lb: 0, size 3
   8.932270090s TRACE propagate{level=5}:diffn: huub::constraints::int_diffn: object 3: x - ub: 9 lb: 0 y - ub: 12, lb: 0, size 4
   8.932308026s TRACE propagate{level=5}:diffn: huub::constraints::int_diffn: object 4: x - ub: 8 lb: 8 y - ub: 11, lb: 8, size 5
   8.932345464s TRACE propagate{level=5}:diffn: huub::constraints::int_diffn: object 5: x - ub: 6 lb: 0 y - ub: 1, lb: 1, size 6
   8.932388469s TRACE propagate{level=5}:diffn: huub::constraints::int_diffn: object 6: x - ub: 6 lb: 4 y - ub: 0, lb: 0, size 7
   8.932423686s TRACE propagate{level=5}:diffn: huub::constraints::int_diffn: object 7: x - ub: 0 lb: 0 y - ub: 7, lb: 7, size 8
   8.932475917s TRACE propagate{level=5}:diffn: huub::constraints::int_diffn: DOING OBJECT 1
   8.932510870s TRACE propagate{level=5}:diffn: huub::constraints::int_diffn: object 0: x - ub: 12 lb: 0 y - ub: 15, lb: 0, size 1
   8.932545783s TRACE propagate{level=5}:diffn: huub::constraints::int_diffn: object 1: x - ub: 11 lb: 0 y - ub: 14, lb: 0, size 2
   8.932587402s TRACE propagate{level=5}:diffn: huub::constraints::int_diffn: object 2: x - ub: 10 lb: 0 y - ub: 13, lb: 0, size 3
   8.932606509s TRACE propagate{level=5}:diffn: huub::constraints::int_diffn: object 3: x - ub: 9 lb: 0 y - ub: 12, lb: 0, size 4
   8.932639863s TRACE propagate{level=5}:diffn: huub::constraints::int_diffn: object 4: x - ub: 8 lb: 8 y - ub: 11, lb: 8, size 5
   8.932674991s TRACE propagate{level=5}:diffn: huub::constraints::int_diffn: object 5: x - ub: 6 lb: 0 y - ub: 1, lb: 1, size 6
   8.932711406s TRACE propagate{level=5}:diffn: huub::constraints::int_diffn: object 6: x - ub: 6 lb: 4 y - ub: 0, lb: 0, size 7
   8.932753163s TRACE propagate{level=5}:diffn: huub::constraints::int_diffn: object 7: x - ub: 0 lb: 0 y - ub: 7, lb: 7, size 8
   8.932803619s TRACE propagate{level=5}:diffn: huub::constraints::int_diffn: DOING OBJECT 2
   8.932900073s TRACE propagate{level=5}:diffn: huub::constraints::int_diffn: object 0: x - ub: 12 lb: 0 y - ub: 15, lb: 0, size 1
   8.932943600s TRACE propagate{level=5}:diffn: huub::constraints::int_diffn: object 1: x - ub: 11 lb: 0 y - ub: 14, lb: 0, size 2
   8.932987571s TRACE propagate{level=5}:diffn: huub::constraints::int_diffn: object 2: x - ub: 10 lb: 0 y - ub: 13, lb: 0, size 3
   8.933030836s TRACE propagate{level=5}:diffn: huub::constraints::int_diffn: object 3: x - ub: 9 lb: 0 y - ub: 12, lb: 0, size 4
   8.933072152s TRACE propagate{level=5}:diffn: huub::constraints::int_diffn: object 4: x - ub: 8 lb: 8 y - ub: 11, lb: 8, size 5
   8.933097415s TRACE propagate{level=5}:diffn: huub::constraints::int_diffn: object 5: x - ub: 6 lb: 0 y - ub: 1, lb: 1, size 6
   8.933130350s TRACE propagate{level=5}:diffn: huub::constraints::int_diffn: object 6: x - ub: 6 lb: 4 y - ub: 0, lb: 0, size 7
   8.933170903s TRACE propagate{level=5}:diffn: huub::constraints::int_diffn: object 7: x - ub: 0 lb: 0 y - ub: 7, lb: 7, size 8
   8.933227233s TRACE propagate{level=5}:diffn: huub::constraints::int_diffn: DOING OBJECT 3
   8.933263249s TRACE propagate{level=5}:diffn: huub::constraints::int_diffn: object 0: x - ub: 12 lb: 0 y - ub: 15, lb: 0, size 1
   8.933301136s TRACE propagate{level=5}:diffn: huub::constraints::int_diffn: object 1: x - ub: 11 lb: 0 y - ub: 14, lb: 0, size 2
   8.933342627s TRACE propagate{level=5}:diffn: huub::constraints::int_diffn: object 2: x - ub: 10 lb: 0 y - ub: 13, lb: 0, size 3
   8.933385382s TRACE propagate{level=5}:diffn: huub::constraints::int_diffn: object 3: x - ub: 9 lb: 0 y - ub: 12, lb: 0, size 4
   8.933421972s TRACE propagate{level=5}:diffn: huub::constraints::int_diffn: object 4: x - ub: 8 lb: 8 y - ub: 11, lb: 8, size 5
   8.933462070s TRACE propagate{level=5}:diffn: huub::constraints::int_diffn: object 5: x - ub: 6 lb: 0 y - ub: 1, lb: 1, size 6
   8.933499829s TRACE propagate{level=5}:diffn: huub::constraints::int_diffn: object 6: x - ub: 6 lb: 4 y - ub: 0, lb: 0, size 7
   8.933544161s TRACE propagate{level=5}:diffn: huub::constraints::int_diffn: object 7: x - ub: 0 lb: 0 y - ub: 7, lb: 7, size 8
   8.933597842s TRACE propagate{level=5}:diffn: huub::constraints::int_diffn: DOING OBJECT 4
   8.933637750s TRACE propagate{level=5}:diffn: huub::constraints::int_diffn: object 0: x - ub: 12 lb: 0 y - ub: 15, lb: 0, size 1
   8.933677012s TRACE propagate{level=5}:diffn: huub::constraints::int_diffn: object 1: x - ub: 11 lb: 0 y - ub: 14, lb: 0, size 2
   8.933714542s TRACE propagate{level=5}:diffn: huub::constraints::int_diffn: object 2: x - ub: 10 lb: 0 y - ub: 13, lb: 0, size 3
   8.933756104s TRACE propagate{level=5}:diffn: huub::constraints::int_diffn: object 3: x - ub: 9 lb: 0 y - ub: 12, lb: 0, size 4
   8.933793926s TRACE propagate{level=5}:diffn: huub::constraints::int_diffn: object 4: x - ub: 8 lb: 8 y - ub: 11, lb: 8, size 5
   8.933836621s TRACE propagate{level=5}:diffn: huub::constraints::int_diffn: object 5: x - ub: 6 lb: 0 y - ub: 1, lb: 1, size 6
   8.933887380s TRACE propagate{level=5}:diffn: huub::constraints::int_diffn: object 6: x - ub: 6 lb: 4 y - ub: 0, lb: 0, size 7
   8.933922797s TRACE propagate{level=5}:diffn: huub::constraints::int_diffn: object 7: x - ub: 0 lb: 0 y - ub: 7, lb: 7, size 8
   8.933969278s TRACE propagate{level=5}:diffn: huub::constraints::int_diffn: DOING OBJECT 5
   8.934004360s TRACE propagate{level=5}:diffn: huub::constraints::int_diffn: object 0: x - ub: 12 lb: 0 y - ub: 15, lb: 0, size 1
   8.934041432s TRACE propagate{level=5}:diffn: huub::constraints::int_diffn: object 1: x - ub: 11 lb: 0 y - ub: 14, lb: 0, size 2
   8.934080708s TRACE propagate{level=5}:diffn: huub::constraints::int_diffn: object 2: x - ub: 10 lb: 0 y - ub: 13, lb: 0, size 3
   8.934115407s TRACE propagate{level=5}:diffn: huub::constraints::int_diffn: object 3: x - ub: 9 lb: 0 y - ub: 12, lb: 0, size 4
   8.934159916s TRACE propagate{level=5}:diffn: huub::constraints::int_diffn: object 4: x - ub: 8 lb: 8 y - ub: 11, lb: 8, size 5
   8.934181288s TRACE propagate{level=5}:diffn: huub::constraints::int_diffn: object 5: x - ub: 6 lb: 0 y - ub: 1, lb: 1, size 6
   8.934209345s TRACE propagate{level=5}:diffn: huub::constraints::int_diffn: object 6: x - ub: 6 lb: 4 y - ub: 0, lb: 0, size 7
   8.934243837s TRACE propagate{level=5}:diffn: huub::constraints::int_diffn: object 7: x - ub: 0 lb: 0 y - ub: 7, lb: 7, size 8
   8.934281805s TRACE propagate{level=5}:diffn: huub::constraints::int_diffn: GENERALIZED max from 7 to 10
   8.934313409s TRACE propagate{level=5}:diffn: huub::constraints::int_diffn: Reason [[var 5 [0, 6] < 11]
   8.934348820s TRACE propagate{level=5}:diffn: huub::constraints::int_diffn: Reason [[var 5 [0, 6] >= 0]
   8.934388451s TRACE propagate{level=5}:diffn: huub::constraints::int_diffn: reason [[var 5 [1, 1] < 2]
   8.934433333s TRACE propagate{level=5}:diffn: huub::constraints::int_diffn: reason [[var 5 [1, 1] >= 1]
   8.934476370s TRACE propagate{level=5}:diffn: huub::constraints::int_diffn: fr Reason [[var 6 [4, 6] < 7]
   8.934515749s TRACE propagate{level=5}:diffn: huub::constraints::int_diffn: fr Reason [[var 6 [4, 6] >= 4]
   8.934548469s TRACE propagate{level=5}:diffn: huub::constraints::int_diffn: generalized
   8.934586576s TRACE propagate{level=5}:diffn: huub::constraints::int_diffn: generalized
   8.934606424s TRACE propagate{level=5}:diffn: huub::constraints::int_diffn: fr Reason [[var 6 [0, 0] < 7]
   8.934635427s TRACE propagate{level=5}:diffn: huub::constraints::int_diffn: fr Reason [[var 6 [0, 0] >= -5]
   8.934680178s TRACE propagate{level=5}:diffn: huub::solver::solving_context: propagate bool lit="X_INTRODUCED_5_<1" reason=Ok(Eager([Lit(1165), Lit(1250), Lit(-1249), Lit(1349), Lit(-1346), Lit(1442)]))
   8.934734292s TRACE propagate{level=5}:diffn: huub::constraints::int_diffn: Setting ub of object 5 to 0 in dimension 0 in max
   8.934773196s TRACE propagate{level=5}:diffn: huub::constraints::int_diffn: DOING OBJECT 6
   8.934807759s TRACE propagate{level=5}:diffn: huub::constraints::int_diffn: object 0: x - ub: 12 lb: 0 y - ub: 15, lb: 0, size 1
   8.934846543s TRACE propagate{level=5}:diffn: huub::constraints::int_diffn: object 1: x - ub: 11 lb: 0 y - ub: 14, lb: 0, size 2
   8.934888961s TRACE propagate{level=5}:diffn: huub::constraints::int_diffn: object 2: x - ub: 10 lb: 0 y - ub: 13, lb: 0, size 3
   8.934922394s TRACE propagate{level=5}:diffn: huub::constraints::int_diffn: object 3: x - ub: 9 lb: 0 y - ub: 12, lb: 0, size 4
   8.934963838s TRACE propagate{level=5}:diffn: huub::constraints::int_diffn: object 4: x - ub: 8 lb: 8 y - ub: 11, lb: 8, size 5
   8.935007968s TRACE propagate{level=5}:diffn: huub::constraints::int_diffn: object 5: x - ub: 0 lb: 0 y - ub: 1, lb: 1, size 6
   8.935045808s TRACE propagate{level=5}:diffn: huub::constraints::int_diffn: object 6: x - ub: 6 lb: 4 y - ub: 0, lb: 0, size 7
   8.935082859s TRACE propagate{level=5}:diffn: huub::constraints::int_diffn: object 7: x - ub: 0 lb: 0 y - ub: 7, lb: 7, size 8
   8.935134383s TRACE propagate{level=5}:diffn: huub::constraints::int_diffn: GENERALIZED min from 4 to -6
   8.935177926s TRACE propagate{level=5}:diffn: huub::constraints::int_diffn: Reason [[var 6 [4, 6] >= -6]
   8.935216576s TRACE propagate{level=5}:diffn: huub::constraints::int_diffn: Reason [[var 6 [4, 6] < 7]
   8.935259606s TRACE propagate{level=5}:diffn: huub::constraints::int_diffn: reason [[var 6 [0, 0] < 1]
   8.935301606s TRACE propagate{level=5}:diffn: huub::constraints::int_diffn: reason [[var 6 [0, 0] >= 0]
   8.935342573s TRACE propagate{level=5}:diffn: huub::constraints::int_diffn: fr Reason [[var 5 [0, 0] < 1]
   8.935382344s TRACE propagate{level=5}:diffn: huub::constraints::int_diffn: fr Reason [[var 5 [0, 0] >= 0]
   8.935419573s TRACE propagate{level=5}:diffn: huub::constraints::int_diffn: generalized
   8.935457714s TRACE propagate{level=5}:diffn: huub::constraints::int_diffn: generalized
   8.935500854s TRACE propagate{level=5}:diffn: huub::constraints::int_diffn: fr Reason [[var 5 [1, 1] < 7]
   8.935537530s TRACE propagate{level=5}:diffn: huub::constraints::int_diffn: fr Reason [[var 5 [1, 1] >= -5]
   8.935587391s TRACE propagate{level=5}:diffn: huub::solver::solving_context: propagate bool lit="X_INTRODUCED_6_≥6" reason=Ok(Eager([Lit(1349), Lit(1436), Lit(1155), Lit(1255)]))
   8.935638472s TRACE propagate{level=5}:diffn: huub::constraints::int_diffn: Setting lb of object 6 to 6 in dimension 0 in max
   8.935693004s DEBUG propagate{level=5}: huub::solver::engine: propagate lits="X_INTRODUCED_5_<1, X_INTRODUCED_6_≥6"
   8.935757068s DEBUG huub::solver::engine: assignments lits="X_INTRODUCED_5_<1"
   8.935801891s TRACE huub::solver::engine: new ub lit="X_INTRODUCED_5_<1" ub=0
   8.935846022s DEBUG huub::solver::engine: assignments lits="X_INTRODUCED_5_<2, X_INTRODUCED_5_<3, X_INTRODUCED_5_<4, X_INTRODUCED_5_<5, X_INTRODUCED_5_<6"
   8.935895657s DEBUG huub::solver::engine: assignments lits="X_INTRODUCED_6_≥6"
   8.935937424s TRACE huub::solver::engine: new lb lit="X_INTRODUCED_6_≥6" lb=6
   8.935976866s DEBUG huub::solver::engine: assignments lits="X_INTRODUCED_6_≥5"
   8.936048546s TRACE propagate{level=5}:diffn: huub::constraints::int_diffn: new propagation
   8.936088056s TRACE propagate{level=5}:diffn: huub::constraints::int_diffn: DOING OBJECT 0
   8.936122524s TRACE propagate{level=5}:diffn: huub::constraints::int_diffn: object 0: x - ub: 12 lb: 0 y - ub: 15, lb: 0, size 1
   8.936157167s TRACE propagate{level=5}:diffn: huub::constraints::int_diffn: object 1: x - ub: 11 lb: 0 y - ub: 14, lb: 0, size 2
   8.936194304s TRACE propagate{level=5}:diffn: huub::constraints::int_diffn: object 2: x - ub: 10 lb: 0 y - ub: 13, lb: 0, size 3
   8.936229479s TRACE propagate{level=5}:diffn: huub::constraints::int_diffn: object 3: x - ub: 9 lb: 0 y - ub: 12, lb: 0, size 4
   8.936265052s TRACE propagate{level=5}:diffn: huub::constraints::int_diffn: object 4: x - ub: 8 lb: 8 y - ub: 11, lb: 8, size 5
   8.936301964s TRACE propagate{level=5}:diffn: huub::constraints::int_diffn: object 5: x - ub: 0 lb: 0 y - ub: 1, lb: 1, size 6
   8.936336289s TRACE propagate{level=5}:diffn: huub::constraints::int_diffn: object 6: x - ub: 6 lb: 6 y - ub: 0, lb: 0, size 7
   8.936372496s TRACE propagate{level=5}:diffn: huub::constraints::int_diffn: object 7: x - ub: 0 lb: 0 y - ub: 7, lb: 7, size 8
   8.936406489s TRACE propagate{level=5}:diffn: huub::constraints::int_diffn: DOING OBJECT 1
   8.936437708s TRACE propagate{level=5}:diffn: huub::constraints::int_diffn: object 0: x - ub: 12 lb: 0 y - ub: 15, lb: 0, size 1
   8.936472311s TRACE propagate{level=5}:diffn: huub::constraints::int_diffn: object 1: x - ub: 11 lb: 0 y - ub: 14, lb: 0, size 2
   8.936508346s TRACE propagate{level=5}:diffn: huub::constraints::int_diffn: object 2: x - ub: 10 lb: 0 y - ub: 13, lb: 0, size 3
   8.936544564s TRACE propagate{level=5}:diffn: huub::constraints::int_diffn: object 3: x - ub: 9 lb: 0 y - ub: 12, lb: 0, size 4
   8.936582394s TRACE propagate{level=5}:diffn: huub::constraints::int_diffn: object 4: x - ub: 8 lb: 8 y - ub: 11, lb: 8, size 5
   8.936617775s TRACE propagate{level=5}:diffn: huub::constraints::int_diffn: object 5: x - ub: 0 lb: 0 y - ub: 1, lb: 1, size 6
   8.936650793s TRACE propagate{level=5}:diffn: huub::constraints::int_diffn: object 6: x - ub: 6 lb: 6 y - ub: 0, lb: 0, size 7
   8.936687169s TRACE propagate{level=5}:diffn: huub::constraints::int_diffn: object 7: x - ub: 0 lb: 0 y - ub: 7, lb: 7, size 8
   8.936745314s TRACE propagate{level=5}:diffn: huub::constraints::int_diffn: GENERALIZED min from 0 to -1
   8.936781859s TRACE propagate{level=5}:diffn: huub::constraints::int_diffn: Reason [[var 1 [0, 11] >= -1]
   8.936818463s TRACE propagate{level=5}:diffn: huub::constraints::int_diffn: Reason [[var 1 [0, 11] < 12]
   8.936857996s TRACE propagate{level=5}:diffn: huub::constraints::int_diffn: reason [[var 1 [0, 14] < 15]
   8.936877320s TRACE propagate{level=5}:diffn: huub::constraints::int_diffn: reason [[var 1 [0, 14] >= 0]
   8.936906881s TRACE propagate{level=5}:diffn: huub::constraints::int_diffn: generalized
   8.936928576s TRACE propagate{level=5}:diffn: huub::constraints::int_diffn: fr Reason [[var 4 [8, 8] < 9]
   8.936959032s TRACE propagate{level=5}:diffn: huub::constraints::int_diffn: fr Reason [[var 4 [8, 8] >= 7]
   8.936994304s TRACE propagate{level=5}:diffn: huub::constraints::int_diffn: fr Reason [[var 4 [8, 11] < 12]
   8.937035838s TRACE propagate{level=5}:diffn: huub::constraints::int_diffn: fr Reason [[var 4 [8, 11] >= 8]
   8.937072972s TRACE propagate{level=5}:diffn: huub::constraints::int_diffn: fr Reason [[var 5 [0, 0] < 1]
   8.937109988s TRACE propagate{level=5}:diffn: huub::constraints::int_diffn: fr Reason [[var 5 [0, 0] >= 0]
   8.937146381s TRACE propagate{level=5}:diffn: huub::constraints::int_diffn: fr Reason [[var 5 [1, 1] < 2]
   8.937182598s TRACE propagate{level=5}:diffn: huub::constraints::int_diffn: fr Reason [[var 5 [1, 1] >= 1]
   8.937215694s TRACE propagate{level=5}:diffn: huub::constraints::int_diffn: generalized
   8.937253580s TRACE propagate{level=5}:diffn: huub::constraints::int_diffn: fr Reason [[var 6 [6, 6] < 7]
   8.937289449s TRACE propagate{level=5}:diffn: huub::constraints::int_diffn: fr Reason [[var 6 [6, 6] >= 5]
   8.937325967s TRACE propagate{level=5}:diffn: huub::constraints::int_diffn: generalized
   8.937360399s TRACE propagate{level=5}:diffn: huub::constraints::int_diffn: fr Reason [[var 6 [0, 0] < 2]
   8.937399124s TRACE propagate{level=5}:diffn: huub::constraints::int_diffn: fr Reason [[var 6 [0, 0] >= 0]
   8.937437909s TRACE propagate{level=5}:diffn: huub::constraints::int_diffn: fr Reason [[var 7 [0, 0] < 1]
   8.937479872s TRACE propagate{level=5}:diffn: huub::constraints::int_diffn: fr Reason [[var 7 [0, 0] >= 0]
   8.937523202s TRACE propagate{level=5}:diffn: huub::constraints::int_diffn: fr Reason [[var 7 [7, 7] < 8]
   8.937565884s TRACE propagate{level=5}:diffn: huub::constraints::int_diffn: fr Reason [[var 7 [7, 7] >= 7]
   8.937618017s TRACE propagate{level=5}:diffn: huub::solver::solving_context: propagate bool lit="X_INTRODUCED_1_≥8" reason=Ok(Eager([Lit(394), Lit(495), Lit(973), Lit(-971), Lit(1071), Lit(-1067), Lit(1155), Lit(1250), Lit(-1249), Lit(1349), Lit(-1347), Lit(1437), Lit(1529), Lit(1585), Lit(-1584)]))
   8.937678531s TRACE propagate{level=5}:diffn: huub::constraints::int_diffn: Setting lb of object 1 to 8 in dimension 0 in max
   8.937722114s TRACE propagate{level=5}:diffn: huub::constraints::int_diffn: reason [[var 1 [8, 11] < 12]
   8.937765306s TRACE propagate{level=5}:diffn: huub::constraints::int_diffn: reason [[var 1 [8, 11] >= 8]
   8.937808594s TRACE propagate{level=5}:diffn: huub::constraints::int_diffn: GENERALIZED min from 0 to -1
   8.937850494s TRACE propagate{level=5}:diffn: huub::constraints::int_diffn: Reason [[var 1 [0, 14] >= -1]
   8.937891404s TRACE propagate{level=5}:diffn: huub::constraints::int_diffn: Reason [[var 1 [0, 14] < 15]
   8.937934051s TRACE propagate{level=5}:diffn: huub::constraints::int_diffn: generalized
   8.937969929s TRACE propagate{level=5}:diffn: huub::constraints::int_diffn: generalized
   8.938015182s TRACE propagate{level=5}:diffn: huub::constraints::int_diffn: fr Reason [[var 4 [8, 8] < 10]
   8.938059951s TRACE propagate{level=5}:diffn: huub::constraints::int_diffn: fr Reason [[var 4 [8, 8] >= 7]
   8.938100920s TRACE propagate{level=5}:diffn: huub::constraints::int_diffn: fr Reason [[var 4 [8, 11] < 12]
   8.938143079s TRACE propagate{level=5}:diffn: huub::constraints::int_diffn: fr Reason [[var 4 [8, 11] >= 8]
   8.938178362s TRACE propagate{level=5}:diffn: huub::constraints::int_diffn: generalized
   8.938217952s TRACE propagate{level=5}:diffn: huub::constraints::int_diffn: fr Reason [[var 5 [0, 0] < 10]
   8.938237421s TRACE propagate{level=5}:diffn: huub::constraints::int_diffn: fr Reason [[var 5 [0, 0] >= 0]
   8.938273078s TRACE propagate{level=5}:diffn: huub::constraints::int_diffn: fr Reason [[var 5 [1, 1] < 2]
   8.938317843s TRACE propagate{level=5}:diffn: huub::constraints::int_diffn: fr Reason [[var 5 [1, 1] >= 1]
   8.938360253s TRACE propagate{level=5}:diffn: huub::constraints::int_diffn: generalized
   8.938382545s TRACE propagate{level=5}:diffn: huub::constraints::int_diffn: generalized
   8.938416875s TRACE propagate{level=5}:diffn: huub::constraints::int_diffn: fr Reason [[var 6 [6, 6] < 10]
   8.938454704s TRACE propagate{level=5}:diffn: huub::constraints::int_diffn: fr Reason [[var 6 [6, 6] >= 5]
   8.938492845s TRACE propagate{level=5}:diffn: huub::constraints::int_diffn: fr Reason [[var 6 [0, 0] < 1]
   8.938528391s TRACE propagate{level=5}:diffn: huub::constraints::int_diffn: fr Reason [[var 6 [0, 0] >= 0]
   8.938565585s TRACE propagate{level=5}:diffn: huub::constraints::int_diffn: generalized
   8.938602363s TRACE propagate{level=5}:diffn: huub::constraints::int_diffn: fr Reason [[var 7 [0, 0] < 10]
   8.938641315s TRACE propagate{level=5}:diffn: huub::constraints::int_diffn: fr Reason [[var 7 [0, 0] >= 0]
   8.938682211s TRACE propagate{level=5}:diffn: huub::constraints::int_diffn: fr Reason [[var 7 [7, 7] < 8]
   8.938730196s TRACE propagate{level=5}:diffn: huub::constraints::int_diffn: fr Reason [[var 7 [7, 7] >= 7]
   8.938779761s TRACE propagate{level=5}:diffn: huub::solver::solving_context: propagate bool lit="X_INTRODUCED_9_≥7" reason=Ok(Eager([Lit(394), Lit(-390), Lit(495), Lit(974), Lit(-971), Lit(1071), Lit(-1067), Lit(1164), Lit(1250), Lit(-1249), Lit(1352), Lit(-1347), Lit(1436), Lit(1538), Lit(1585), Lit(-1584)]))
   8.938829795s TRACE propagate{level=5}:diffn: huub::constraints::int_diffn: Setting lb of object 1 to 7 in dimension 1 in max
   8.938868321s TRACE propagate{level=5}:diffn: huub::constraints::int_diffn: DOING OBJECT 2
   8.938903711s TRACE propagate{level=5}:diffn: huub::constraints::int_diffn: object 0: x - ub: 12 lb: 0 y - ub: 15, lb: 0, size 1
   8.938937997s TRACE propagate{level=5}:diffn: huub::constraints::int_diffn: object 1: x - ub: 11 lb: 8 y - ub: 14, lb: 7, size 2
   8.938958863s TRACE propagate{level=5}:diffn: huub::constraints::int_diffn: object 2: x - ub: 10 lb: 0 y - ub: 13, lb: 0, size 3
   8.938989904s TRACE propagate{level=5}:diffn: huub::constraints::int_diffn: object 3: x - ub: 9 lb: 0 y - ub: 12, lb: 0, size 4
   8.939033123s TRACE propagate{level=5}:diffn: huub::constraints::int_diffn: object 4: x - ub: 8 lb: 8 y - ub: 11, lb: 8, size 5
   8.939069182s TRACE propagate{level=5}:diffn: huub::constraints::int_diffn: object 5: x - ub: 0 lb: 0 y - ub: 1, lb: 1, size 6
   8.939110996s TRACE propagate{level=5}:diffn: huub::constraints::int_diffn: object 6: x - ub: 6 lb: 6 y - ub: 0, lb: 0, size 7
   8.939145964s TRACE propagate{level=5}:diffn: huub::constraints::int_diffn: object 7: x - ub: 0 lb: 0 y - ub: 7, lb: 7, size 8
   8.939217801s TRACE propagate{level=5}:diffn: huub::constraints::int_diffn: GENERALIZED min from 0 to -2
   8.939254087s TRACE propagate{level=5}:diffn: huub::constraints::int_diffn: Reason [[var 2 [0, 10] >= -2]
   8.939289813s TRACE propagate{level=5}:diffn: huub::constraints::int_diffn: Reason [[var 2 [0, 10] < 11]
   8.939327982s TRACE propagate{level=5}:diffn: huub::constraints::int_diffn: reason [[var 2 [0, 13] < 14]
   8.939372140s TRACE propagate{level=5}:diffn: huub::constraints::int_diffn: reason [[var 2 [0, 13] >= 0]
   8.939413446s TRACE propagate{level=5}:diffn: huub::constraints::int_diffn: generalized
   8.939451834s TRACE propagate{level=5}:diffn: huub::constraints::int_diffn: fr Reason [[var 4 [8, 8] < 9]
   8.939494407s TRACE propagate{level=5}:diffn: huub::constraints::int_diffn: fr Reason [[var 4 [8, 8] >= 6]
   8.939536791s TRACE propagate{level=5}:diffn: huub::constraints::int_diffn: fr Reason [[var 4 [8, 11] < 12]
   8.939582681s TRACE propagate{level=5}:diffn: huub::constraints::int_diffn: fr Reason [[var 4 [8, 11] >= 8]
   8.939632505s TRACE propagate{level=5}:diffn: huub::constraints::int_diffn: fr Reason [[var 5 [0, 0] < 1]
   8.939676237s TRACE propagate{level=5}:diffn: huub::constraints::int_diffn: fr Reason [[var 5 [0, 0] >= 0]
   8.939696432s TRACE propagate{level=5}:diffn: huub::constraints::int_diffn: generalized
   8.939735380s TRACE propagate{level=5}:diffn: huub::constraints::int_diffn: fr Reason [[var 5 [1, 1] < 3]
   8.939779982s TRACE propagate{level=5}:diffn: huub::constraints::int_diffn: fr Reason [[var 5 [1, 1] >= 1]
   8.939822560s TRACE propagate{level=5}:diffn: huub::constraints::int_diffn: generalized
   8.939862844s TRACE propagate{level=5}:diffn: huub::constraints::int_diffn: fr Reason [[var 6 [6, 6] < 7]
   8.939905054s TRACE propagate{level=5}:diffn: huub::constraints::int_diffn: fr Reason [[var 6 [6, 6] >= 4]
   8.939946225s TRACE propagate{level=5}:diffn: huub::constraints::int_diffn: generalized
   8.939990354s TRACE propagate{level=5}:diffn: huub::constraints::int_diffn: fr Reason [[var 6 [0, 0] < 3]
   8.940015175s TRACE propagate{level=5}:diffn: huub::constraints::int_diffn: fr Reason [[var 6 [0, 0] >= 0]
   8.940053527s TRACE propagate{level=5}:diffn: huub::constraints::int_diffn: fr Reason [[var 7 [0, 0] < 1]
   8.940096666s TRACE propagate{level=5}:diffn: huub::constraints::int_diffn: fr Reason [[var 7 [0, 0] >= 0]
   8.940139537s TRACE propagate{level=5}:diffn: huub::constraints::int_diffn: generalized
   8.940183677s TRACE propagate{level=5}:diffn: huub::constraints::int_diffn: fr Reason [[var 7 [7, 7] < 8]
   8.940228063s TRACE propagate{level=5}:diffn: huub::constraints::int_diffn: fr Reason [[var 7 [7, 7] >= 6]
   8.940281434s TRACE propagate{level=5}:diffn: huub::solver::solving_context: propagate bool lit="X_INTRODUCED_2_≥8" reason=Ok(Eager([Lit(589), Lit(689), Lit(973), Lit(-970), Lit(1071), Lit(-1067), Lit(1155), Lit(1251), Lit(-1249), Lit(1349), Lit(-1346), Lit(1438), Lit(1529), Lit(1585), Lit(-1583)]))
   8.940347160s TRACE propagate{level=5}:diffn: huub::constraints::int_diffn: Setting lb of object 2 to 8 in dimension 0 in max
   8.940401295s TRACE propagate{level=5}:diffn: huub::constraints::int_diffn: reason [[var 2 [8, 10] < 11]
   8.940445083s TRACE propagate{level=5}:diffn: huub::constraints::int_diffn: reason [[var 2 [8, 10] >= 8]
   8.940503291s TRACE propagate{level=5}:diffn: huub::constraints::int_diffn: GENERALIZED min from 0 to -1
   8.940550005s TRACE propagate{level=5}:diffn: huub::constraints::int_diffn: Reason [[var 2 [0, 13] >= -1]
   8.940596804s TRACE propagate{level=5}:diffn: huub::constraints::int_diffn: Reason [[var 2 [0, 13] < 14]
   8.940641369s TRACE propagate{level=5}:diffn: huub::constraints::int_diffn: generalized
   8.940682611s TRACE propagate{level=5}:diffn: huub::constraints::int_diffn: generalized
   8.940726597s TRACE propagate{level=5}:diffn: huub::constraints::int_diffn: fr Reason [[var 4 [8, 8] < 11]
   8.940775966s TRACE propagate{level=5}:diffn: huub::constraints::int_diffn: fr Reason [[var 4 [8, 8] >= 6]
   8.940820818s TRACE propagate{level=5}:diffn: huub::constraints::int_diffn: fr Reason [[var 4 [8, 11] < 12]
   8.940862777s TRACE propagate{level=5}:diffn: huub::constraints::int_diffn: fr Reason [[var 4 [8, 11] >= 8]
   8.940903917s TRACE propagate{level=5}:diffn: huub::constraints::int_diffn: generalized
   8.940948285s TRACE propagate{level=5}:diffn: huub::constraints::int_diffn: fr Reason [[var 5 [0, 0] < 11]
   8.940990139s TRACE propagate{level=5}:diffn: huub::constraints::int_diffn: fr Reason [[var 5 [0, 0] >= 0]
   8.941032879s TRACE propagate{level=5}:diffn: huub::constraints::int_diffn: fr Reason [[var 5 [1, 1] < 2]
   8.941077278s TRACE propagate{level=5}:diffn: huub::constraints::int_diffn: fr Reason [[var 5 [1, 1] >= 1]
   8.941124176s TRACE propagate{level=5}:diffn: huub::constraints::int_diffn: generalized
   8.941164334s TRACE propagate{level=5}:diffn: huub::constraints::int_diffn: generalized
   8.941209592s TRACE propagate{level=5}:diffn: huub::constraints::int_diffn: fr Reason [[var 6 [6, 6] < 11]
   8.941254716s TRACE propagate{level=5}:diffn: huub::constraints::int_diffn: fr Reason [[var 6 [6, 6] >= 4]
   8.941297003s TRACE propagate{level=5}:diffn: huub::constraints::int_diffn: generalized
   8.941347442s TRACE propagate{level=5}:diffn: huub::constraints::int_diffn: fr Reason [[var 6 [0, 0] < 2]
   8.941391195s TRACE propagate{level=5}:diffn: huub::constraints::int_diffn: fr Reason [[var 6 [0, 0] >= 0]
   8.941432725s TRACE propagate{level=5}:diffn: huub::constraints::int_diffn: generalized
   8.941480265s TRACE propagate{level=5}:diffn: huub::constraints::int_diffn: fr Reason [[var 7 [0, 0] < 11]
   8.941524149s TRACE propagate{level=5}:diffn: huub::constraints::int_diffn: fr Reason [[var 7 [0, 0] >= 0]
   8.941566944s TRACE propagate{level=5}:diffn: huub::constraints::int_diffn: generalized
   8.941614177s TRACE propagate{level=5}:diffn: huub::constraints::int_diffn: fr Reason [[var 7 [7, 7] < 8]
   8.941658888s TRACE propagate{level=5}:diffn: huub::constraints::int_diffn: fr Reason [[var 7 [7, 7] >= 6]
   8.941715765s TRACE propagate{level=5}:diffn: huub::solver::solving_context: propagate bool lit="X_INTRODUCED_10_≥7" reason=Ok(Eager([Lit(589), Lit(-586), Lit(689), Lit(975), Lit(-970), Lit(1071), Lit(-1067), Lit(1165), Lit(1250), Lit(-1249), Lit(1353), Lit(-1346), Lit(1437), Lit(1539), Lit(1585), Lit(-1583)]))
   8.941790774s TRACE propagate{level=5}:diffn: huub::constraints::int_diffn: Setting lb of object 2 to 7 in dimension 1 in max
   8.941838275s TRACE propagate{level=5}:diffn: huub::constraints::int_diffn: DOING OBJECT 3
   8.941882846s TRACE propagate{level=5}:diffn: huub::constraints::int_diffn: object 0: x - ub: 12 lb: 0 y - ub: 15, lb: 0, size 1
   8.941929703s TRACE propagate{level=5}:diffn: huub::constraints::int_diffn: object 1: x - ub: 11 lb: 8 y - ub: 14, lb: 7, size 2
   8.941973892s TRACE propagate{level=5}:diffn: huub::constraints::int_diffn: object 2: x - ub: 10 lb: 8 y - ub: 13, lb: 7, size 3
   8.942019607s TRACE propagate{level=5}:diffn: huub::constraints::int_diffn: object 3: x - ub: 9 lb: 0 y - ub: 12, lb: 0, size 4
   8.942068567s TRACE propagate{level=5}:diffn: huub::constraints::int_diffn: object 4: x - ub: 8 lb: 8 y - ub: 11, lb: 8, size 5
   8.942111642s TRACE propagate{level=5}:diffn: huub::constraints::int_diffn: object 5: x - ub: 0 lb: 0 y - ub: 1, lb: 1, size 6
   8.942151934s TRACE propagate{level=5}:diffn: huub::constraints::int_diffn: object 6: x - ub: 6 lb: 6 y - ub: 0, lb: 0, size 7
   8.942188466s TRACE propagate{level=5}:diffn: huub::constraints::int_diffn: object 7: x - ub: 0 lb: 0 y - ub: 7, lb: 7, size 8
   8.942274649s TRACE propagate{level=5}:diffn: huub::constraints::int_diffn: GENERALIZED min from 0 to -3
   8.942309572s TRACE propagate{level=5}:diffn: huub::constraints::int_diffn: Reason [[var 3 [0, 9] >= -3]
   8.942353198s TRACE propagate{level=5}:diffn: huub::constraints::int_diffn: Reason [[var 3 [0, 9] < 10]
   8.942395603s TRACE propagate{level=5}:diffn: huub::constraints::int_diffn: reason [[var 3 [0, 12] < 13]
   8.942440142s TRACE propagate{level=5}:diffn: huub::constraints::int_diffn: reason [[var 3 [0, 12] >= 0]
   8.942483546s TRACE propagate{level=5}:diffn: huub::constraints::int_diffn: generalized
   8.942527973s TRACE propagate{level=5}:diffn: huub::constraints::int_diffn: fr Reason [[var 4 [8, 8] < 9]
   8.942568459s TRACE propagate{level=5}:diffn: huub::constraints::int_diffn: fr Reason [[var 4 [8, 8] >= 5]
   8.942616742s TRACE propagate{level=5}:diffn: huub::constraints::int_diffn: fr Reason [[var 4 [8, 11] < 12]
   8.942656484s TRACE propagate{level=5}:diffn: huub::constraints::int_diffn: fr Reason [[var 4 [8, 11] >= 8]
   8.942698557s TRACE propagate{level=5}:diffn: huub::constraints::int_diffn: fr Reason [[var 5 [0, 0] < 1]
   8.942742693s TRACE propagate{level=5}:diffn: huub::constraints::int_diffn: fr Reason [[var 5 [0, 0] >= 0]
   8.942785623s TRACE propagate{level=5}:diffn: huub::constraints::int_diffn: generalized
   8.942826622s TRACE propagate{level=5}:diffn: huub::constraints::int_diffn: fr Reason [[var 5 [1, 1] < 4]
   8.942880287s TRACE propagate{level=5}:diffn: huub::constraints::int_diffn: fr Reason [[var 5 [1, 1] >= 1]
   8.942919281s TRACE propagate{level=5}:diffn: huub::constraints::int_diffn: generalized
   8.942946493s TRACE propagate{level=5}:diffn: huub::constraints::int_diffn: fr Reason [[var 6 [6, 6] < 7]
   8.942993009s TRACE propagate{level=5}:diffn: huub::constraints::int_diffn: fr Reason [[var 6 [6, 6] >= 3]
   8.943049134s TRACE propagate{level=5}:diffn: huub::constraints::int_diffn: generalized
   8.943095305s TRACE propagate{level=5}:diffn: huub::constraints::int_diffn: fr Reason [[var 6 [0, 0] < 4]
   8.943133204s TRACE propagate{level=5}:diffn: huub::constraints::int_diffn: fr Reason [[var 6 [0, 0] >= 0]
   8.943213813s TRACE propagate{level=5}:diffn: huub::constraints::int_diffn: fr Reason [[var 7 [0, 0] < 1]
   8.943266399s TRACE propagate{level=5}:diffn: huub::constraints::int_diffn: fr Reason [[var 7 [0, 0] >= 0]
   8.943302332s TRACE propagate{level=5}:diffn: huub::constraints::int_diffn: generalized
   8.943336194s TRACE propagate{level=5}:diffn: huub::constraints::int_diffn: fr Reason [[var 7 [7, 7] < 8]
   8.943373319s TRACE propagate{level=5}:diffn: huub::constraints::int_diffn: fr Reason [[var 7 [7, 7] >= 5]
   8.943424422s TRACE propagate{level=5}:diffn: huub::solver::solving_context: propagate bool lit="X_INTRODUCED_3_≥8" reason=Ok(Eager([Lit(782), Lit(881), Lit(973), Lit(-969), Lit(1071), Lit(-1067), Lit(1155), Lit(1252), Lit(-1249), Lit(1349), Lit(-1345), Lit(1439), Lit(1529), Lit(1585), Lit(-1582)]))
   8.943494082s TRACE propagate{level=5}:diffn: huub::constraints::int_diffn: Setting lb of object 3 to 8 in dimension 0 in max
   8.943542450s TRACE propagate{level=5}:diffn: huub::constraints::int_diffn: reason [[var 3 [8, 9] < 10]
   8.943586876s TRACE propagate{level=5}:diffn: huub::constraints::int_diffn: reason [[var 3 [8, 9] >= 8]
   8.943644297s TRACE propagate{level=5}:diffn: huub::constraints::int_diffn: GENERALIZED min from 0 to -2
   8.943683125s TRACE propagate{level=5}:diffn: huub::constraints::int_diffn: Reason [[var 3 [0, 12] >= -2]
   8.943716606s TRACE propagate{level=5}:diffn: huub::constraints::int_diffn: Reason [[var 3 [0, 12] < 13]
   8.943758025s TRACE propagate{level=5}:diffn: huub::constraints::int_diffn: generalized
   8.943799513s TRACE propagate{level=5}:diffn: huub::constraints::int_diffn: generalized
   8.943849389s TRACE propagate{level=5}:diffn: huub::constraints::int_diffn: fr Reason [[var 4 [8, 8] < 12]
   8.943904527s TRACE propagate{level=5}:diffn: huub::constraints::int_diffn: fr Reason [[var 4 [8, 8] >= 5]
   8.943951408s TRACE propagate{level=5}:diffn: huub::constraints::int_diffn: fr Reason [[var 4 [8, 11] < 12]
   8.943986724s TRACE propagate{level=5}:diffn: huub::constraints::int_diffn: fr Reason [[var 4 [8, 11] >= 8]
   8.944018520s TRACE propagate{level=5}:diffn: huub::constraints::int_diffn: generalized
   8.944042179s TRACE propagate{level=5}:diffn: huub::constraints::int_diffn: fr Reason [[var 5 [0, 0] < 12]
   8.944067780s TRACE propagate{level=5}:diffn: huub::constraints::int_diffn: fr Reason [[var 5 [0, 0] >= 0]
   8.944104804s TRACE propagate{level=5}:diffn: huub::constraints::int_diffn: fr Reason [[var 5 [1, 1] < 2]
   8.944150856s TRACE propagate{level=5}:diffn: huub::constraints::int_diffn: fr Reason [[var 5 [1, 1] >= 1]
   8.944188982s TRACE propagate{level=5}:diffn: huub::constraints::int_diffn: generalized
   8.944231407s TRACE propagate{level=5}:diffn: huub::constraints::int_diffn: generalized
   8.944276294s TRACE propagate{level=5}:diffn: huub::constraints::int_diffn: fr Reason [[var 6 [6, 6] < 12]
   8.944313671s TRACE propagate{level=5}:diffn: huub::constraints::int_diffn: fr Reason [[var 6 [6, 6] >= 3]
   8.944355013s TRACE propagate{level=5}:diffn: huub::constraints::int_diffn: generalized
   8.944395409s TRACE propagate{level=5}:diffn: huub::constraints::int_diffn: fr Reason [[var 6 [0, 0] < 2]
   8.944418040s TRACE propagate{level=5}:diffn: huub::constraints::int_diffn: fr Reason [[var 6 [0, 0] >= 0]
   8.944447724s TRACE propagate{level=5}:diffn: huub::constraints::int_diffn: generalized
   8.944490048s TRACE propagate{level=5}:diffn: huub::constraints::int_diffn: fr Reason [[var 7 [0, 0] < 12]
   8.944535020s TRACE propagate{level=5}:diffn: huub::constraints::int_diffn: fr Reason [[var 7 [0, 0] >= 0]
   8.944578480s TRACE propagate{level=5}:diffn: huub::constraints::int_diffn: generalized
   8.944623408s TRACE propagate{level=5}:diffn: huub::constraints::int_diffn: fr Reason [[var 7 [7, 7] < 8]
   8.944660051s TRACE propagate{level=5}:diffn: huub::constraints::int_diffn: fr Reason [[var 7 [7, 7] >= 5]
   8.944707174s TRACE propagate{level=5}:diffn: huub::solver::solving_context: propagate bool lit="X_INTRODUCED_11_≥7" reason=Ok(Eager([Lit(782), Lit(-780), Lit(881), Lit(976), Lit(-969), Lit(1071), Lit(-1067), Lit(1166), Lit(1250), Lit(-1249), Lit(1354), Lit(-1345), Lit(1437), Lit(1540), Lit(1585), Lit(-1582)]))
   8.944766429s TRACE propagate{level=5}:diffn: huub::constraints::int_diffn: Setting lb of object 3 to 7 in dimension 1 in max
   8.944803667s TRACE propagate{level=5}:diffn: huub::constraints::int_diffn: reason [[var 3 [8, 9] < 10]
   8.944838297s TRACE propagate{level=5}:diffn: huub::constraints::int_diffn: reason [[var 3 [8, 9] >= 8]
   8.944887385s TRACE propagate{level=5}:diffn: huub::constraints::int_diffn: Reason [[var 3 [7, 12] < 13]
   8.944924123s TRACE propagate{level=5}:diffn: huub::constraints::int_diffn: Reason [[var 3 [7, 12] >= 7]
   8.944963755s TRACE propagate{level=5}:diffn: huub::constraints::int_diffn: generalized
   8.944997639s TRACE propagate{level=5}:diffn: huub::constraints::int_diffn: generalized
   8.945033478s TRACE propagate{level=5}:diffn: huub::constraints::int_diffn: fr Reason [[var 4 [8, 8] < 12]
   8.945078725s TRACE propagate{level=5}:diffn: huub::constraints::int_diffn: fr Reason [[var 4 [8, 8] >= 5]
   8.945113195s TRACE propagate{level=5}:diffn: huub::constraints::int_diffn: fr Reason [[var 4 [8, 11] < 12]
   8.945167091s TRACE propagate{level=5}:diffn: huub::constraints::int_diffn: fr Reason [[var 4 [8, 11] >= 8]
   8.945210256s TRACE propagate{level=5}:diffn: huub::constraints::int_diffn: generalized
   8.945254084s TRACE propagate{level=5}:diffn: huub::constraints::int_diffn: fr Reason [[var 5 [0, 0] < 12]
   8.945288406s TRACE propagate{level=5}:diffn: huub::constraints::int_diffn: fr Reason [[var 5 [0, 0] >= 0]
   8.945329124s TRACE propagate{level=5}:diffn: huub::constraints::int_diffn: generalized
   8.945371431s TRACE propagate{level=5}:diffn: huub::constraints::int_diffn: fr Reason [[var 5 [1, 1] < 11]
   8.945414766s TRACE propagate{level=5}:diffn: huub::constraints::int_diffn: fr Reason [[var 5 [1, 1] >= 1]
   8.945449148s TRACE propagate{level=5}:diffn: huub::constraints::int_diffn: generalized
   8.945482375s TRACE propagate{level=5}:diffn: huub::constraints::int_diffn: generalized
   8.945515043s TRACE propagate{level=5}:diffn: huub::constraints::int_diffn: fr Reason [[var 6 [6, 6] < 12]
   8.945562891s TRACE propagate{level=5}:diffn: huub::constraints::int_diffn: fr Reason [[var 6 [6, 6] >= 3]
   8.945594677s TRACE propagate{level=5}:diffn: huub::constraints::int_diffn: generalized
   8.945631088s TRACE propagate{level=5}:diffn: huub::constraints::int_diffn: fr Reason [[var 6 [0, 0] < 11]
   8.945665356s TRACE propagate{level=5}:diffn: huub::constraints::int_diffn: fr Reason [[var 6 [0, 0] >= 0]
   8.945708956s TRACE propagate{level=5}:diffn: huub::constraints::int_diffn: generalized
   8.945744080s TRACE propagate{level=5}:diffn: huub::constraints::int_diffn: fr Reason [[var 7 [0, 0] < 12]
   8.945787314s TRACE propagate{level=5}:diffn: huub::constraints::int_diffn: fr Reason [[var 7 [0, 0] >= 0]
   8.945829963s TRACE propagate{level=5}:diffn: huub::constraints::int_diffn: generalized
   8.945876301s TRACE propagate{level=5}:diffn: huub::constraints::int_diffn: generalized
   8.945919099s TRACE propagate{level=5}:diffn: huub::constraints::int_diffn: fr Reason [[var 7 [7, 7] < 11]
   8.945953848s TRACE propagate{level=5}:diffn: huub::constraints::int_diffn: fr Reason [[var 7 [7, 7] >= 5]
   8.946010860s TRACE propagate{level=5}:diffn: huub::solver::solving_context: propagate bool lit="X_INTRODUCED_11_<8" reason=Ok(Eager([Lit(782), Lit(-780), Lit(881), Lit(-875), Lit(976), Lit(-969), Lit(1071), Lit(-1067), Lit(1166), Lit(1259), Lit(-1249), Lit(1354), Lit(-1345), Lit(1446), Lit(1540), Lit(1588), Lit(-1582)]))
   8.946065910s TRACE propagate{level=5}:diffn: huub::constraints::int_diffn: Setting ub of object 3 to 7 in dimension 1 in max
   8.946099582s TRACE propagate{level=5}:diffn: huub::constraints::int_diffn: DOING OBJECT 4
   8.946139708s TRACE propagate{level=5}:diffn: huub::constraints::int_diffn: object 0: x - ub: 12 lb: 0 y - ub: 15, lb: 0, size 1
   8.946182911s TRACE propagate{level=5}:diffn: huub::constraints::int_diffn: object 1: x - ub: 11 lb: 8 y - ub: 14, lb: 7, size 2
   8.946231188s TRACE propagate{level=5}:diffn: huub::constraints::int_diffn: object 2: x - ub: 10 lb: 8 y - ub: 13, lb: 7, size 3
   8.946274577s TRACE propagate{level=5}:diffn: huub::constraints::int_diffn: object 3: x - ub: 9 lb: 8 y - ub: 7, lb: 7, size 4
   8.946318970s TRACE propagate{level=5}:diffn: huub::constraints::int_diffn: object 4: x - ub: 8 lb: 8 y - ub: 11, lb: 8, size 5
   8.946367486s TRACE propagate{level=5}:diffn: huub::constraints::int_diffn: object 5: x - ub: 0 lb: 0 y - ub: 1, lb: 1, size 6
   8.946416154s TRACE propagate{level=5}:diffn: huub::constraints::int_diffn: object 6: x - ub: 6 lb: 6 y - ub: 0, lb: 0, size 7
   8.946457238s TRACE propagate{level=5}:diffn: huub::constraints::int_diffn: object 7: x - ub: 0 lb: 0 y - ub: 7, lb: 7, size 8
   8.946505436s TRACE propagate{level=5}:diffn: huub::constraints::int_diffn: reason [[var 4 [8, 8] < 9]
   8.946541502s TRACE propagate{level=5}:diffn: huub::constraints::int_diffn: reason [[var 4 [8, 8] >= 8]
   8.946579867s TRACE propagate{level=5}:diffn: huub::constraints::int_diffn: GENERALIZED min from 8 to 3
   8.946625336s TRACE propagate{level=5}:diffn: huub::constraints::int_diffn: Reason [[var 4 [8, 11] >= 3]
   8.946669276s TRACE propagate{level=5}:diffn: huub::constraints::int_diffn: Reason [[var 4 [8, 11] < 12]
   8.946712011s TRACE propagate{level=5}:diffn: huub::constraints::int_diffn: generalized
   8.946743900s TRACE propagate{level=5}:diffn: huub::constraints::int_diffn: generalized
   8.946778273s TRACE propagate{level=5}:diffn: huub::constraints::int_diffn: fr Reason [[var 3 [8, 9] < 13]
   8.946822775s TRACE propagate{level=5}:diffn: huub::constraints::int_diffn: fr Reason [[var 3 [8, 9] >= 5]
   8.946864223s TRACE propagate{level=5}:diffn: huub::constraints::int_diffn: fr Reason [[var 3 [7, 7] < 8]
   8.946898225s TRACE propagate{level=5}:diffn: huub::constraints::int_diffn: fr Reason [[var 3 [7, 7] >= 7]
   8.946935718s TRACE propagate{level=5}:diffn: huub::solver::solving_context: propagate bool lit="X_INTRODUCED_12_≥11" reason=Ok(Eager([Lit(973), Lit(-972), Lit(-1062), Lit(1071), Lit(785), Lit(-777), Lit(876), Lit(-875)]))
   8.946995768s TRACE propagate{level=5}:diffn: huub::constraints::int_diffn: Setting lb of object 4 to 11 in dimension 1 in max
   8.947075288s DEBUG propagate{level=5}: huub::solver::engine: propagate lits="X_INTRODUCED_1_≥8, X_INTRODUCED_9_≥7, X_INTRODUCED_2_≥8, X_INTRODUCED_10_≥7, X_INTRODUCED_3_≥8, X_INTRODUCED_11_≥7, X_INTRODUCED_11_<8, X_INTRODUCED_12_≥11"
   8.947166746s DEBUG huub::solver::engine: assignments lits="X_INTRODUCED_1_≥8"
   8.947211560s TRACE huub::solver::engine: new lb lit="X_INTRODUCED_1_≥8" lb=8
   8.947256484s DEBUG huub::solver::engine: assignments lits="X_INTRODUCED_1_≥7, X_INTRODUCED_9_≥7, X_INTRODUCED_1_≥6, X_INTRODUCED_9_≥6, X_INTRODUCED_1_≥5, X_INTRODUCED_9_≥5, X_INTRODUCED_1_≥4, X_INTRODUCED_9_≥4, X_INTRODUCED_1_≥3, X_INTRODUCED_9_≥3, X_INTRODUCED_1_≥2, X_INTRODUCED_9_≥2, X_INTRODUCED_1_≥1, X_INTRODUCED_9_≥1"
   8.947317184s TRACE huub::solver::engine: new lb lit="X_INTRODUCED_9_≥7" lb=7
   8.947361091s DEBUG huub::solver::engine: assignments lits="X_INTRODUCED_2_≥8"
   8.947397433s TRACE huub::solver::engine: new lb lit="X_INTRODUCED_2_≥8" lb=8
   8.947434082s DEBUG huub::solver::engine: assignments lits="X_INTRODUCED_2_≥7, X_INTRODUCED_2_≥6, X_INTRODUCED_2_≥5, X_INTRODUCED_2_≥4, X_INTRODUCED_2_≥3, X_INTRODUCED_2_≥2, X_INTRODUCED_2_≥1"
   8.947497443s DEBUG huub::solver::engine: assignments lits="X_INTRODUCED_10_≥7"
   8.947540504s TRACE huub::solver::engine: new lb lit="X_INTRODUCED_10_≥7" lb=7
   8.947599110s DEBUG huub::solver::engine: assignments lits="X_INTRODUCED_10_≥6, X_INTRODUCED_10_≥5, X_INTRODUCED_11_<6, X_INTRODUCED_10_≥4, X_INTRODUCED_11_<7, X_INTRODUCED_10_≥3, X_INTRODUCED_11_<8, X_INTRODUCED_10_≥2, X_INTRODUCED_11_<9, X_INTRODUCED_10_≥1, X_INTRODUCED_11_<10, X_INTRODUCED_11_<11, X_INTRODUCED_11_<12"
   8.947651220s TRACE huub::solver::engine: new ub lit="X_INTRODUCED_11_<6" ub=5
   8.947696071s ERROR huub::solver::engine: invalid reason lit_prop="X_INTRODUCED_11_<8" lit_reason="X_INTRODUCED_3_≥8" reason_val=None

thread 'main' panicked at crates/huub/src/solver/engine.rs:470:17:
Literal ¬x₇₈₀ in Reason for x₈₇₆ is None, but should be known true
note: run with `RUST_BACKTRACE=1` environment variable to display a backtrace
